[36mvite v5.4.21 [32mbuilding for production...[36m[39m
transforming...
[32mΓ£ô[39m 1022 modules transformed.
node.exe : 
[31mx[39m Build 
failed in 1.10s
At line:1 char:1
+ & "C:\Program Files
\nodejs/node.exe" 
"C:\Program 
Files\nodejs/node_mo 
...
+ ~~~~~~~~~~~~~~~~~~~
~~~~~~~~~~~~~~~~~~~~~
~~~~~~~~~~~~~~~~~~~~~
~~~~~~~~
    + CategoryInfo   
           : NotSpe  
  cified: ([31mx   
 [39m Build faile    
d in 1.10s:Strin    
g) [], RemoteExc    
eption
    + FullyQualified 
   ErrorId : Native  
  CommandError
 
[31merror during 
build:
[31m[vite:esbuild] 
Transform failed 
with 1 error:
C:/Users/Erick/Docume
nts/Plmun nexus/front
end/src/pages/Setting
s.jsx:43:7: ERROR: 
The symbol 
"PreferencesTab" has 
already been 
declared[31m
file: [36mC:/Users/E
rick/Documents/Plmun 
nexus/frontend/src/pa
ges/Settings.jsx:43:7
[31m
[33m
[33mThe symbol 
"PreferencesTab" has 
already been 
declared[33m
41 |  import 
UsersTab from './sett
ings/UsersTab';
42 |  import 
AdminTab from './sett
ings/AdminTab';
43 |  import 
PreferencesTab from '
./settings/Preference
sTab';
   |         ^
44 |  
45 |  // Settings 
navigation tabs - 
organized by role
[31m
    at 
failureErrorWithLog (
C:\Users\Erick\Docume
nts\Plmun nexus\front
end\node_modules\esbu
ild\lib\main.js:1472:
15)
    at C:\Users\Erick
\Documents\Plmun nexu
s\frontend\node_modul
es\esbuild\lib\main.j
s:755:50
    at responseCallba
cks.<computed> (C:\Us
ers\Erick\Documents\P
lmun nexus\frontend\n
ode_modules\esbuild\l
ib\main.js:622:9)
    at 
handleIncomingPacket 
(C:\Users\Erick\Docum
ents\Plmun nexus\fron
tend\node_modules\esb
uild\lib\main.js:677:
12)
    at Socket.readFro
mStdout (C:\Users\Eri
ck\Documents\Plmun ne
xus\frontend\node_mod
ules\esbuild\lib\main
.js:600:7)
    at Socket.emit 
(node:events:508:28)
    at addChunk (node
:internal/streams/rea
dable:559:12)
    at readableAddChu
nkPushByteMode (node:
internal/streams/read
able:510:3)
    at Readable.push 
(node:internal/stream
s/readable:390:5)
    at 
Pipe.onStreamRead (no
de:internal/stream_ba
se_commons:189:23)[3
9m
